[bsub] single job=289113343 host=nodelmr16
[bsub] args: --configs-dir /home/hzhou98/projects/scMINER-Viewer/paper/configs --only 2317 --out paper/metrics/portal_studies_2317.tsv
 studyID mode n_cells n_genes n_clusters  in_mb bundle_mb shard_mb out_mb
    2317 full  647366   24929         34 2664.3      83.4   7963.7 8147.8
  prep_s peak_mb load_s load_s_w fetch_ms
 53635.3  124353  1.802    1.778   5234.5
[bsub] done -- metrics at paper/metrics/portal_studies.tsv

------------------------------------------------------------
Sender: LSF System <lsfadmin@nodelmr16>
Subject: Job 289113343: <scminer_portal_single_20260516_074747> in cluster <hpcf_research_cluster> Done

Job <scminer_portal_single_20260516_074747> was submitted from host <noderome113> by user <hzhou98> in cluster <hpcf_research_cluster> at Sat May 16 07:47:47 2026
Job was executed on host(s) <nodelmr16>, in queue <large_mem>, as user <hzhou98> in cluster <hpcf_research_cluster> at Sat May 16 07:48:14 2026
</home/hzhou98> was used as the home directory.
</home/hzhou98/projects/scMINER-Viewer> was used as the working directory.
Started at Sat May 16 07:48:14 2026
Terminated at Sat May 16 22:51:30 2026
Results reported at Sat May 16 22:51:30 2026

Your job looked like:

------------------------------------------------------------
# LSBATCH: User input
#!/usr/bin/env bash
#BSUB -P scminer
#BSUB -q standard
#BSUB -n 4
#BSUB -R "rusage[mem=32000]"
#BSUB -W 6:00
#BSUB -o paper/logs/portal_studies_%J_%I.out
#BSUB -e paper/logs/portal_studies_%J_%I.err
#
# LSF submission script for the portal-study benchmark.
#
# The #BSUB -q here is a fallback default. When invoked through
# paper/portal/portal_studies_hpc.sh, the driver overrides -q per sub-array
# so the manifest's tasks distribute across queues (LSF's native
# multi-queue syntax does not actually distribute — it just picks the
# first eligible queue with capacity).
#
# Two modes, switched by whether LSB_JOBINDEX is set:
#
# 1. Array mode (preferred for the full 21-study run -- see
#    paper/portal/portal_studies_hpc.sh). The driver writes a manifest with
#    one YAML config path per line (or one study folder per line) and
#    submits `bsub -J "name[1-N]" < this.bsub`. Each task picks line
#    $LSB_JOBINDEX of MANIFEST_FILE and benchmarks that single entry,
#    writing paper/metrics/portal_studies_<id>.tsv.
#
# 2. Single-job mode. Submit with one of:
#       CONFIGS_DIR=...   bsub < paper/portal/portal_studies.bsub
#       STUDIES_ROOT=...  bsub < paper/portal/portal_studies.bsub
#
# Env read by array mode:
#   MANIFEST_FILE  text file: line i is a YAML path OR a study folder
#                  (the R script auto-detects; if the line ends in
#                  .yaml/.yml it is treated as a config).
#   MODE           (optional) 'full' (default) or 'expression-only'. When
#                  set, the R driver receives --mode $MODE and each task's
#                  per-study TSV is named portal_studies_<id>_<mode>.tsv.
#                  Used by portal_studies_compare.sh to produce a
#                  with-vs-without-TFsig comparison without clobbering.
#   OUT_ROOT       (optional) override the YAML's `output:` value. When set,
#                  the R driver receives --output-root $OUT_ROOT and writes
#                  every study's bundle / shards / graph files under
#                  $OUT_ROOT/<studyID>/. Used by the compare driver in
#                  --parallel mode so the two modes write to disjoint
#                  on-disk trees and won't race.
#
# Env read by single mode (use exactly one):
#   CONFIGS_DIR    folder containing the 21 YAML configs.
#   STUDIES_ROOT   folder containing one subdir per study.
#   ONLY           (optional) CSV of study IDs to restrict to.

(... more ...)
------------------------------------------------------------

Successfully completed.

Resource usage summary:

    CPU time :                                   51746.89 sec.
    Max Memory :                                 308747 MB
    Average Memory :                             123819.17 MB
    Total Requested Memory :                     400000.00 MB
    Delta Memory :                               91253.00 MB
    Max Swap :                                   -
    Max Processes :                              4
    Max Threads :                                6
    Run time :                                   54192 sec.
    Turnaround time :                            54223 sec.

The output (if any) is above this job summary.



PS:

Read file <paper/logs/portal_single_20260516_074747.err> for stderr output of this job.

