[bsub] array task 29 -> 2342 (/home/hzhou98/projects/scMINER-Viewer/paper/configs/2342.yaml)
[bsub] host=nodesd03 job=288878176
 studyID n_cells n_genes n_clusters in_mb bundle_mb shard_mb out_mb  prep_s
    2342   56751   13772         13  2650     775.5   4258.2 5528.9 34587.2
 peak_mb load_s fetch_ms
   28853 10.263    377.3
[bsub] 2342 done

------------------------------------------------------------
Sender: LSF System <lsfadmin@nodesd03>
Subject: Job 288878176[29]: <scminer_portal_20260514_133340_superdome[28-34]> in cluster <hpcf_research_cluster> Done

Job <scminer_portal_20260514_133340_superdome[28-34]> was submitted from host <noderome112> by user <hzhou98> in cluster <hpcf_research_cluster> at Thu May 14 13:33:40 2026
Job was executed on host(s) <nodesd03>, in queue <superdome>, as user <hzhou98> in cluster <hpcf_research_cluster> at Thu May 14 13:33:43 2026
</home/hzhou98> was used as the home directory.
</home/hzhou98/projects/scMINER-Viewer> was used as the working directory.
Started at Thu May 14 13:33:43 2026
Terminated at Thu May 14 23:11:09 2026
Results reported at Thu May 14 23:11:09 2026

Your job looked like:

------------------------------------------------------------
# LSBATCH: User input
#!/usr/bin/env bash
#BSUB -P scminer
#BSUB -q standard
#BSUB -n 4
#BSUB -R "rusage[mem=32000]"
#BSUB -W 6:00
#BSUB -o paper/logs/portal_studies_%J_%I.out
#BSUB -e paper/logs/portal_studies_%J_%I.err
#
# LSF submission script for the portal-study benchmark.
#
# The #BSUB -q here is a fallback default. When invoked through
# paper/portal_studies_hpc.sh, the driver overrides -q per sub-array
# so the manifest's tasks distribute across queues (LSF's native
# multi-queue syntax does not actually distribute — it just picks the
# first eligible queue with capacity).
#
# Two modes, switched by whether LSB_JOBINDEX is set:
#
# 1. Array mode (preferred for the full 21-study run -- see
#    paper/portal_studies_hpc.sh). The driver writes a manifest with
#    one YAML config path per line (or one study folder per line) and
#    submits `bsub -J "name[1-N]" < this.bsub`. Each task picks line
#    $LSB_JOBINDEX of MANIFEST_FILE and benchmarks that single entry,
#    writing paper/metrics/portal_studies_<id>.tsv.
#
# 2. Single-job mode. Submit with one of:
#       CONFIGS_DIR=...   bsub < paper/portal_studies.bsub
#       STUDIES_ROOT=...  bsub < paper/portal_studies.bsub
#
# Env read by array mode:
#   MANIFEST_FILE  text file: line i is a YAML path OR a study folder
#                  (the R script auto-detects; if the line ends in
#                  .yaml/.yml it is treated as a config).
#
# Env read by single mode (use exactly one):
#   CONFIGS_DIR    folder containing the 21 YAML configs.
#   STUDIES_ROOT   folder containing one subdir per study.
#   ONLY           (optional) CSV of study IDs to restrict to.

set -euo pipefail

cd "${LS_SUBCWD:-$PWD}"
mkdir -p paper/metrics paper/logs

module load R/4.2.2-rhel8 2>/dev/null || true

if [[ -n "${LSB_JOBINDEX:-}" && "${LSB_JOBINDEX}" != "0" ]]; then
  # ---- Array mode: pick one entry by line number ------------------------
  : "${MANIFEST_FILE:?Array mode requires MANIFEST_FILE}"

(... more ...)
------------------------------------------------------------

Successfully completed.

Resource usage summary:

    CPU time :                                   33966.94 sec.
    Max Memory :                                 27443 MB
    Average Memory :                             13978.50 MB
    Total Requested Memory :                     120000.00 MB
    Delta Memory :                               92557.00 MB
    Max Swap :                                   -
    Max Processes :                              4
    Max Threads :                                6
    Run time :                                   34641 sec.
    Turnaround time :                            34649 sec.

The output (if any) is above this job summary.



PS:

Read file <paper/logs/portal_studies_288878176_29.err> for stderr output of this job.

