[bsub] array task 24 -> 2331 (/home/hzhou98/projects/scMINER-Viewer/paper/configs/2331.yaml) mode=full
[bsub] host=noderome195 job=289008544
[bsub] out-root override: /research_jude/rgs01_jude/groups/yu3grp/projects/software_JY/yu3grp/yulab_apps/scMINER/scMINER_Portal/scMINERViewerMetrics/full
 studyID mode n_cells n_genes n_clusters in_mb bundle_mb shard_mb out_mb
    2331 full   15400   21481          7   218      73.4    169.5  294.4
  prep_s peak_mb load_s load_s_w fetch_ms
 10501.1   11309  2.004    1.974    141.1
[bsub] 2331 (full) done

------------------------------------------------------------
Sender: LSF System <lsfadmin@noderome195>
Subject: Job 289008544[24]: <scminer_cmp_20260515_215721_full_standard[21-30]> in cluster <hpcf_research_cluster> Done

Job <scminer_cmp_20260515_215721_full_standard[21-30]> was submitted from host <noderome113> by user <hzhou98> in cluster <hpcf_research_cluster> at Fri May 15 21:57:23 2026
Job was executed on host(s) <noderome195>, in queue <standard>, as user <hzhou98> in cluster <hpcf_research_cluster> at Fri May 15 21:57:34 2026
</home/hzhou98> was used as the home directory.
</home/hzhou98/projects/scMINER-Viewer> was used as the working directory.
Started at Fri May 15 21:57:34 2026
Terminated at Sat May 16 00:53:26 2026
Results reported at Sat May 16 00:53:26 2026

Your job looked like:

------------------------------------------------------------
# LSBATCH: User input
#!/usr/bin/env bash
#BSUB -P scminer
#BSUB -q standard
#BSUB -n 4
#BSUB -R "rusage[mem=32000]"
#BSUB -W 6:00
#BSUB -o paper/logs/portal_studies_%J_%I.out
#BSUB -e paper/logs/portal_studies_%J_%I.err
#
# LSF submission script for the portal-study benchmark.
#
# The #BSUB -q here is a fallback default. When invoked through
# paper/portal/portal_studies_hpc.sh, the driver overrides -q per sub-array
# so the manifest's tasks distribute across queues (LSF's native
# multi-queue syntax does not actually distribute — it just picks the
# first eligible queue with capacity).
#
# Two modes, switched by whether LSB_JOBINDEX is set:
#
# 1. Array mode (preferred for the full 21-study run -- see
#    paper/portal/portal_studies_hpc.sh). The driver writes a manifest with
#    one YAML config path per line (or one study folder per line) and
#    submits `bsub -J "name[1-N]" < this.bsub`. Each task picks line
#    $LSB_JOBINDEX of MANIFEST_FILE and benchmarks that single entry,
#    writing paper/metrics/portal_studies_<id>.tsv.
#
# 2. Single-job mode. Submit with one of:
#       CONFIGS_DIR=...   bsub < paper/portal/portal_studies.bsub
#       STUDIES_ROOT=...  bsub < paper/portal/portal_studies.bsub
#
# Env read by array mode:
#   MANIFEST_FILE  text file: line i is a YAML path OR a study folder
#                  (the R script auto-detects; if the line ends in
#                  .yaml/.yml it is treated as a config).
#   MODE           (optional) 'full' (default) or 'expression-only'. When
#                  set, the R driver receives --mode $MODE and each task's
#                  per-study TSV is named portal_studies_<id>_<mode>.tsv.
#                  Used by portal_studies_compare.sh to produce a
#                  with-vs-without-TFsig comparison without clobbering.
#   OUT_ROOT       (optional) override the YAML's `output:` value. When set,
#                  the R driver receives --output-root $OUT_ROOT and writes
#                  every study's bundle / shards / graph files under
#                  $OUT_ROOT/<studyID>/. Used by the compare driver in
#                  --parallel mode so the two modes write to disjoint
#                  on-disk trees and won't race.
#
# Env read by single mode (use exactly one):
#   CONFIGS_DIR    folder containing the 21 YAML configs.
#   STUDIES_ROOT   folder containing one subdir per study.
#   ONLY           (optional) CSV of study IDs to restrict to.

(... more ...)
------------------------------------------------------------

Successfully completed.

Resource usage summary:

    CPU time :                                   10263.23 sec.
    Max Memory :                                 11007 MB
    Average Memory :                             8020.32 MB
    Total Requested Memory :                     200000.00 MB
    Delta Memory :                               188993.00 MB
    Max Swap :                                   -
    Max Processes :                              4
    Max Threads :                                6
    Run time :                                   10548 sec.
    Turnaround time :                            10563 sec.

The output (if any) is above this job summary.



PS:

Read file <paper/logs/portal_studies_full_289008544_24.err> for stderr output of this job.

