
------------------------------------------------------------
Sender: LSF System <lsfadmin@noderome112>
Subject: Job 289008545: <scminer_cmp_20260515_215721_compare> in cluster <hpcf_research_cluster> Exited

Job <scminer_cmp_20260515_215721_compare> was submitted from host <noderome113> by user <hzhou98> in cluster <hpcf_research_cluster> at Fri May 15 21:57:23 2026
Job was executed on host(s) <noderome112>, in queue <priority>, as user <hzhou98> in cluster <hpcf_research_cluster> at Sun May 17 21:57:58 2026
</home/hzhou98> was used as the home directory.
</home/hzhou98/projects/scMINER-Viewer> was used as the working directory.
Started at Sun May 17 21:57:58 2026
Terminated at Sun May 17 21:58:12 2026
Results reported at Sun May 17 21:58:12 2026

Your job looked like:

------------------------------------------------------------
# LSBATCH: User input
Rscript paper/portal/portal_compare.R --expr-only-glob "paper/metrics/portal_studies_*_expression-only.tsv" --full-glob      "paper/metrics/portal_studies_*_full.tsv" --out            "paper/metrics/portal_studies_compare.tsv"
------------------------------------------------------------

Exited with exit code 1.

Resource usage summary:

    CPU time :                                   0.35 sec.
    Max Memory :                                 10 MB
    Average Memory :                             4.80 MB
    Total Requested Memory :                     4000.00 MB
    Delta Memory :                               3990.00 MB
    Max Swap :                                   -
    Max Processes :                              3
    Max Threads :                                4
    Run time :                                   14 sec.
    Turnaround time :                            172849 sec.

The output (if any) is above this job summary.



PS:

Read file <paper/logs/portal_compare_20260515_215721.err> for stderr output of this job.

