[bsub] single job=288918303 host=noderome113
[bsub] args: --configs-dir /home/hzhou98/projects/scMINER-Viewer/paper/configs --only 2333 --out paper/metrics/portal_studies_2333.tsv
 studyID n_cells n_genes n_clusters in_mb bundle_mb shard_mb out_mb prep_s
    2333  138268   18274         15 24414     105.8   3149.1 3332.5   8795
 peak_mb load_s fetch_ms
   49284  1.565   1249.2
[bsub] done -- metrics at paper/metrics/portal_studies.tsv

------------------------------------------------------------
Sender: LSF System <lsfadmin@noderome113>
Subject: Job 288918303: <scminer_portal_single_20260515_085927> in cluster <hpcf_research_cluster> Done

Job <scminer_portal_single_20260515_085927> was submitted from host <noderome113> by user <hzhou98> in cluster <hpcf_research_cluster> at Fri May 15 08:59:27 2026
Job was executed on host(s) <noderome113>, in queue <priority>, as user <hzhou98> in cluster <hpcf_research_cluster> at Fri May 15 08:59:28 2026
</home/hzhou98> was used as the home directory.
</home/hzhou98/projects/scMINER-Viewer> was used as the working directory.
Started at Fri May 15 08:59:28 2026
Terminated at Fri May 15 11:29:43 2026
Results reported at Fri May 15 11:29:43 2026

Your job looked like:

------------------------------------------------------------
# LSBATCH: User input
#!/usr/bin/env bash
#BSUB -P scminer
#BSUB -q standard
#BSUB -n 4
#BSUB -R "rusage[mem=32000]"
#BSUB -W 6:00
#BSUB -o paper/logs/portal_studies_%J_%I.out
#BSUB -e paper/logs/portal_studies_%J_%I.err
#
# LSF submission script for the portal-study benchmark.
#
# The #BSUB -q here is a fallback default. When invoked through
# paper/portal_studies_hpc.sh, the driver overrides -q per sub-array
# so the manifest's tasks distribute across queues (LSF's native
# multi-queue syntax does not actually distribute — it just picks the
# first eligible queue with capacity).
#
# Two modes, switched by whether LSB_JOBINDEX is set:
#
# 1. Array mode (preferred for the full 21-study run -- see
#    paper/portal_studies_hpc.sh). The driver writes a manifest with
#    one YAML config path per line (or one study folder per line) and
#    submits `bsub -J "name[1-N]" < this.bsub`. Each task picks line
#    $LSB_JOBINDEX of MANIFEST_FILE and benchmarks that single entry,
#    writing paper/metrics/portal_studies_<id>.tsv.
#
# 2. Single-job mode. Submit with one of:
#       CONFIGS_DIR=...   bsub < paper/portal_studies.bsub
#       STUDIES_ROOT=...  bsub < paper/portal_studies.bsub
#
# Env read by array mode:
#   MANIFEST_FILE  text file: line i is a YAML path OR a study folder
#                  (the R script auto-detects; if the line ends in
#                  .yaml/.yml it is treated as a config).
#
# Env read by single mode (use exactly one):
#   CONFIGS_DIR    folder containing the 21 YAML configs.
#   STUDIES_ROOT   folder containing one subdir per study.
#   ONLY           (optional) CSV of study IDs to restrict to.

set -euo pipefail

cd "${LS_SUBCWD:-$PWD}"
mkdir -p paper/metrics paper/logs

module load R/4.2.2-rhel8 2>/dev/null || true

if [[ -n "${LSB_JOBINDEX:-}" && "${LSB_JOBINDEX}" != "0" ]]; then
  # ---- Array mode: pick one entry by line number ------------------------
  : "${MANIFEST_FILE:?Array mode requires MANIFEST_FILE}"

(... more ...)
------------------------------------------------------------

Successfully completed.

Resource usage summary:

    CPU time :                                   8901.12 sec.
    Max Memory :                                 57615 MB
    Average Memory :                             47843.05 MB
    Total Requested Memory :                     200000.00 MB
    Delta Memory :                               142385.00 MB
    Max Swap :                                   -
    Max Processes :                              4
    Max Threads :                                6
    Run time :                                   9012 sec.
    Turnaround time :                            9016 sec.

The output (if any) is above this job summary.



PS:

Read file <paper/logs/portal_single_20260515_085927.err> for stderr output of this job.

