[bsub] array task 26 -> 2338 (/home/hzhou98/projects/scMINER-Viewer/paper/configs/2338.yaml)
[bsub] host=nodelmr31 job=288878175
 studyID n_cells n_genes n_clusters  in_mb bundle_mb shard_mb out_mb  prep_s
    2338   96305   15778         29 5145.4    1363.3   7427.7 9671.8 58262.7
 peak_mb load_s fetch_ms
   49074 12.266    538.6
[bsub] 2338 done

------------------------------------------------------------
Sender: LSF System <lsfadmin@nodelmr31>
Subject: Job 288878175[26]: <scminer_portal_20260514_133340_large_mem[19-27]> in cluster <hpcf_research_cluster> Done

Job <scminer_portal_20260514_133340_large_mem[19-27]> was submitted from host <noderome112> by user <hzhou98> in cluster <hpcf_research_cluster> at Thu May 14 13:33:40 2026
Job was executed on host(s) <nodelmr31>, in queue <large_mem>, as user <hzhou98> in cluster <hpcf_research_cluster> at Thu May 14 13:33:43 2026
</home/hzhou98> was used as the home directory.
</home/hzhou98/projects/scMINER-Viewer> was used as the working directory.
Started at Thu May 14 13:33:43 2026
Terminated at Fri May 15 05:46:19 2026
Results reported at Fri May 15 05:46:19 2026

Your job looked like:

------------------------------------------------------------
# LSBATCH: User input
#!/usr/bin/env bash
#BSUB -P scminer
#BSUB -q standard
#BSUB -n 4
#BSUB -R "rusage[mem=32000]"
#BSUB -W 6:00
#BSUB -o paper/logs/portal_studies_%J_%I.out
#BSUB -e paper/logs/portal_studies_%J_%I.err
#
# LSF submission script for the portal-study benchmark.
#
# The #BSUB -q here is a fallback default. When invoked through
# paper/portal_studies_hpc.sh, the driver overrides -q per sub-array
# so the manifest's tasks distribute across queues (LSF's native
# multi-queue syntax does not actually distribute — it just picks the
# first eligible queue with capacity).
#
# Two modes, switched by whether LSB_JOBINDEX is set:
#
# 1. Array mode (preferred for the full 21-study run -- see
#    paper/portal_studies_hpc.sh). The driver writes a manifest with
#    one YAML config path per line (or one study folder per line) and
#    submits `bsub -J "name[1-N]" < this.bsub`. Each task picks line
#    $LSB_JOBINDEX of MANIFEST_FILE and benchmarks that single entry,
#    writing paper/metrics/portal_studies_<id>.tsv.
#
# 2. Single-job mode. Submit with one of:
#       CONFIGS_DIR=...   bsub < paper/portal_studies.bsub
#       STUDIES_ROOT=...  bsub < paper/portal_studies.bsub
#
# Env read by array mode:
#   MANIFEST_FILE  text file: line i is a YAML path OR a study folder
#                  (the R script auto-detects; if the line ends in
#                  .yaml/.yml it is treated as a config).
#
# Env read by single mode (use exactly one):
#   CONFIGS_DIR    folder containing the 21 YAML configs.
#   STUDIES_ROOT   folder containing one subdir per study.
#   ONLY           (optional) CSV of study IDs to restrict to.

set -euo pipefail

cd "${LS_SUBCWD:-$PWD}"
mkdir -p paper/metrics paper/logs

module load R/4.2.2-rhel8 2>/dev/null || true

if [[ -n "${LSB_JOBINDEX:-}" && "${LSB_JOBINDEX}" != "0" ]]; then
  # ---- Array mode: pick one entry by line number ------------------------
  : "${MANIFEST_FILE:?Array mode requires MANIFEST_FILE}"

(... more ...)
------------------------------------------------------------

Successfully completed.

Resource usage summary:

    CPU time :                                   57789.42 sec.
    Max Memory :                                 48101 MB
    Average Memory :                             25038.21 MB
    Total Requested Memory :                     120000.00 MB
    Delta Memory :                               71899.00 MB
    Max Swap :                                   -
    Max Processes :                              4
    Max Threads :                                6
    Run time :                                   58353 sec.
    Turnaround time :                            58359 sec.

The output (if any) is above this job summary.



PS:

Read file <paper/logs/portal_studies_288878175_26.err> for stderr output of this job.

